Diagnose log at 2026-09-08T14:04:20Z

AppPath: C:\Program Files\Git\mingw64\bin\git-credential-manager.exe
InstallDir: C:\Program Files\Git\mingw64\bin\
Version: 2.5.1+90d5f897f164a8fe07d2aa3bf7db439b0b4e03ea

------------
Diagnostic: Environment
Skipped: False
Success: True
Exception: None
Log:
OSType: Windows
OSVersion: 10.0 (build 19045)
Reading environment variables... OK
 Variables:
HOMEPATH=\Users\kenpe
DriverData=C:\Windows\System32\Drivers\DriverData
COMPUTERNAME=DESKTOP-VO2OH3A
MSYSTEM=MINGW64
CommonProgramFiles(x86)=C:\Program Files (x86)\Common Files
OneDrive=C:\Users\kenpe\OneDrive
ChocolateyLastPathUpdate=133672954155589947
ProgramFiles(x86)=C:\Program Files (x86)
CONFIG_SITE=C:/Program Files/Git/etc/config.site
LC_CTYPE=en_GB.UTF-8
TERM_PROGRAM=mintty
PATHEXT=.COM;.EXE;.BAT;.CMD;.VBS;.VBE;.JS;.JSE;.WSF;.WSH;.MSC;.PY;.PYW
ORIGINAL_TEMP=C:/Users/kenpe/AppData/Local/Temp
MINGW_PREFIX=C:/Program Files/Git/mingw64
GIT_EXEC_PATH=C:/Program Files/Git/mingw64/libexec/git-core
ACLOCAL_PATH=C:\Program Files\Git\mingw64\share\aclocal;C:\Program Files\Git\usr\share\aclocal
TEMP=C:\Users\kenpe\AppData\Local\Temp
LOCALAPPDATA=C:\Users\kenpe\AppData\Local
MANPATH=C:\Program Files\Git\mingw64\local\man;C:\Program Files\Git\mingw64\share\man;C:\Program Files\Git\usr\local\man;C:\Program Files\Git\usr\share\man;C:\Program Files\Git\usr\man;C:\Program Files\Git\share\man
TERM=xterm
PROCESSOR_IDENTIFIER=Intel64 Family 6 Model 78 Stepping 3, GenuineIntel
MSYSTEM_CARCH=x86_64
PROGRAMFILES=C:\Program Files (x86)
ProgramData=C:\ProgramData
JAVA_HOME=C:\Program Files\Java\jdk-17
TERM_PROGRAM_VERSION=3.7.4
ORIGINAL_TMP=C:/Users/kenpe/AppData/Local/Temp
PROCESSOR_REVISION=4e03
SYSTEMROOT=C:\WINDOWS
POWERSHELL_DISTRIBUTION_CHANNEL=MSI:Windows 10 Pro
PROCESSOR_LEVEL=6
NUMBER_OF_PROCESSORS=4
SSH_ASKPASS=C:/Program Files/Git/mingw64/bin/git-askpass.exe
SHLVL=1
APPDATA=C:\Users\kenpe\AppData\Roaming
SYSTEMDRIVE=C:
PSModulePath=C:\Program Files\WindowsPowerShell\Modules;C:\WINDOWS\system32\WindowsPowerShell\v1.0\Modules
PUBLIC=C:\Users\Public
HOSTNAME=DESKTOP-VO2OH3A
PKG_CONFIG_PATH=C:\Program Files\Git\mingw64\lib\pkgconfig;C:\Program Files\Git\mingw64\share\pkgconfig
USERDOMAIN_ROAMINGPROFILE=DESKTOP-VO2OH3A
MSYSTEM_CHOST=x86_64-w64-mingw32
WINDIR=C:\WINDOWS
PNPM_HOME=C:\Users\kenpe\AppData\Local\pnpm
PLINK_PROTOCOL=ssh
INFOPATH=C:\Program Files\Git\mingw64\local\info;C:\Program Files\Git\mingw64\share\info;C:\Program Files\Git\usr\local\info;C:\Program Files\Git\usr\share\info;C:\Program Files\Git\usr\info;C:\Program Files\Git\share\info
MSYS=disable_pcon
PATH=C:/Program Files/Git/mingw64/libexec/git-core;C:\Users\kenpe\bin;C:\Program Files\Git\mingw64\bin;C:\Program Files\Git\usr\local\bin;C:\Program Files\Git\usr\bin;C:\Program Files\Git\usr\bin;C:\Program Files\Git\mingw64\bin;C:\Program Files\Git\usr\bin;C:\Users\kenpe\bin;C:\Program Files\Java\jdk-17\bin;C:\Program Files\Common Files\Oracle\Java\javapath;C:\Users\kenpe\AppData\Local\Programs\Python\Python312\Scripts;C:\Users\kenpe\AppData\Local\Programs\Python\Python312;C:\Program Files\Microsoft\jdk-11.0.16.101-hotspot\bin;C:\WINDOWS\system32;C:\WINDOWS;C:\WINDOWS\System32\Wbem;C:\WINDOWS\System32\WindowsPowerShell\v1.0;C:\WINDOWS\System32\OpenSSH;C:\Program Files\Microsoft SQL Server\150\Tools\Binn;C:\ProgramData\chocolatey\bin;C:\Users\kenpe\AppData\Roaming\nvm;C:\Program Files\nodejs;C:\Program Files\Git\cmd;C:\Program Files\MySQL\MySQL Server 8.0\bin;C:\Users\kenpe\php;C:\src\flutter\bin;C:\Users\kenpe\AppData\Local\Android\Sdk\emulator;C:\ngrok;C:\Users\kenpe\miniconda3;C:\Program Files\Docker\Docker\resources\bin;C:\Users\kenpe\AppData\Local\Pub\Cache\bin;C:\Program Files\dotnet;C:\Program Files\nodejs;C:\Program Files\Microsoft SQL Server\170\Tools\Binn;C:\Program Files\Microsoft SQL Server\Client SDK\ODBC\170\Tools\Binn;C:\Program Files\PowerShell\7;C:\Users\kenpe\AppData\Local\pnpm;C:\Users\kenpe\miniconda3;C:\Users\kenpe\miniconda3\Library\mingw-w64\bin;C:\Users\kenpe\miniconda3\Library\usr\bin;C:\Users\kenpe\miniconda3\Library\bin;C:\Users\kenpe\miniconda3\Scripts;C:\Program Files\MySQL\MySQL Shell 8.0\bin;C:\Users\kenpe\AppData\Local\Microsoft\WindowsApps;C:\Users\kenpe\.dotnet\tools;C:\Users\kenpe\AppData\Local\Programs\Microsoft VS Code\bin;C:\Users\kenpe\AppData\Local\JetBrains\Toolbox\scripts;C:\Users\kenpe\AppData\Roaming\nvm;C:\Program Files\nodejs;C:\Users\kenpe\php;C:\src\flutter\bin;C:\Users\kenpe\AppData\Roaming\npm;C:\Users\kenpe\AppData\Local\Microsoft\WinGet\Links;C:\Program Files\Git\usr\bin\vendor_perl;C:\Program Files\Git\usr\bin\core_perl
ChocolateyInstall=C:\ProgramData\chocolatey
GIT_TRACE2_PARENT_SID=c42f983f-3a71-4bcd-98a5-2b243672f7cf
PKG_CONFIG_SYSTEM_LIBRARY_PATH=C:/Program Files/Git/mingw64/lib
TMPDIR=C:\Users\kenpe\AppData\Local\Temp
TMP=C:\Users\kenpe\AppData\Local\Temp
NVM_SYMLINK=C:\Program Files\nodejs
NVM_HOME=C:\Users\kenpe\AppData\Roaming\nvm
SHELL=C:\Program Files\Git\usr\bin\bash.exe
HOME=C:\Users\kenpe
COMSPEC=C:\WINDOWS\system32\cmd.exe
ZES_ENABLE_SYSMAN=1
LOGONSERVER=\\DESKTOP-VO2OH3A
USERPROFILE=C:\Users\kenpe
DISPLAY=needs-to-be-defined
COMMONPROGRAMFILES=C:\Program Files (x86)\Common Files
_=C:/Program Files/Git/mingw64/bin/git
USERDOMAIN=DESKTOP-VO2OH3A
CommonProgramW6432=C:\Program Files\Common Files
HOMEDRIVE=C:
MSYSTEM_PREFIX=C:/Program Files/Git/mingw64
OLDPWD=C:/MyApps/ALPHAAI-PROJECTS-new
MINGW_PACKAGE_PREFIX=mingw-w64-x86_64
SESSIONNAME=Console
PWD=C:/MyApps/ALPHAAI-PROJECTS-new/legacy-house-website
EXEPATH=C:\Program Files\Git
USERNAME=kenpe
PROCESSOR_ARCHITEW6432=AMD64
ORIGINAL_PATH=C:\Program Files\Git\mingw64\bin;C:\Program Files\Git\usr\bin;C:\Users\kenpe\bin;C:\Program Files\Java\jdk-17\bin;C:\Program Files\Common Files\Oracle\Java\javapath;C:\Users\kenpe\AppData\Local\Programs\Python\Python312\Scripts;C:\Users\kenpe\AppData\Local\Programs\Python\Python312;C:\Program Files\Microsoft\jdk-11.0.16.101-hotspot\bin;C:\WINDOWS\system32;C:\WINDOWS;C:\WINDOWS\System32\Wbem;C:\WINDOWS\System32\WindowsPowerShell\v1.0;C:\WINDOWS\System32\OpenSSH;C:\Program Files\Microsoft SQL Server\150\Tools\Binn;C:\ProgramData\chocolatey\bin;C:\Users\kenpe\AppData\Roaming\nvm;C:\Program Files\nodejs;C:\Program Files\Git\cmd;C:\Program Files\MySQL\MySQL Server 8.0\bin;C:\Users\kenpe\php;C:\src\flutter\bin;C:\Users\kenpe\AppData\Local\Android\Sdk\emulator;C:\ngrok;C:\Users\kenpe\miniconda3;C:\Program Files\Docker\Docker\resources\bin;C:\Users\kenpe\AppData\Local\Pub\Cache\bin;C:\Program Files\dotnet;C:\Program Files\nodejs;C:\Program Files\Microsoft SQL Server\170\Tools\Binn;C:\Program Files\Microsoft SQL Server\Client SDK\ODBC\170\Tools\Binn;C:\Program Files\PowerShell\7;C:\Users\kenpe\AppData\Local\pnpm;C:\Users\kenpe\miniconda3;C:\Users\kenpe\miniconda3\Library\mingw-w64\bin;C:\Users\kenpe\miniconda3\Library\usr\bin;C:\Users\kenpe\miniconda3\Library\bin;C:\Users\kenpe\miniconda3\Scripts;C:\Program Files\MySQL\MySQL Shell 8.0\bin;C:\Users\kenpe\AppData\Local\Microsoft\WindowsApps;C:\Users\kenpe\.dotnet\tools;C:\Users\kenpe\AppData\Local\Programs\Microsoft VS Code\bin;C:\Users\kenpe\AppData\Local\JetBrains\Toolbox\scripts;C:\Users\kenpe\AppData\Roaming\nvm;C:\Program Files\nodejs;C:\Users\kenpe\php;C:\src\flutter\bin;C:\Users\kenpe\AppData\Roaming\npm;C:\Users\kenpe\AppData\Local\Microsoft\WinGet\Links
PROCESSOR_ARCHITECTURE=x86
PS1=\[\033]0;$TITLEPREFIX:$PWD\007\]\n\[\033[32m\]\u@\h \[\033[35m\]$MSYSTEM \[\033[33m\]\w\[\033[36m\]`__git_ps1`\[\033[0m\]\n$ 
OS=Windows_NT
ProgramW6432=C:\Program Files
MINGW_CHOST=x86_64-w64-mingw32
PKG_CONFIG_SYSTEM_INCLUDE_PATH=C:/Program Files/Git/mingw64/include
OneDriveConsumer=C:\Users\kenpe\OneDrive
ALLUSERSPROFILE=C:\ProgramData


------------
Diagnostic: File system
Skipped: False
Success: True
Exception: None
Log:
Temporary directory is 'C:\Users\kenpe\AppData\Local\Temp\'...
Checking basic file I/O...
Writing to temporary file 'C:\Users\kenpe\AppData\Local\Temp\02904d2d815f56deea2764ad'... OK
Reading from temporary file 'C:\Users\kenpe\AppData\Local\Temp\02904d2d815f56deea2764ad'... OK
Deleting temporary file 'C:\Users\kenpe\AppData\Local\Temp\02904d2d815f56deea2764ad'... OK
Testing IFileSystem instance...
UserHomePath: C:\Users\kenpe
UserDataDirectoryPath: C:\Users\kenpe\.gcm
GetCurrentDirectory(): C:\MyApps\ALPHAAI-PROJECTS-new\legacy-house-website

------------
Diagnostic: Networking
Skipped: False
Success: True
Exception: None
Log:
Checking networking and HTTP stack...
Creating HTTP client... OK
IsNetworkAvailable: True
Sending HEAD request to http://example.com...Sending HEAD request to https://example.com... OK
 OK
Acquiring free TCP port... OK
Testing local HTTP loopback connections...
Creating new HTTP listener for http://localhost:50680/... OK
Waiting for loopback connection... OK
Writing response... OK
Waiting for response data... OK
Loopback connection data OK

------------
Diagnostic: Git
Skipped: False
Success: True
Exception: None
Log:
Getting Git version... OK
Git version is '2.46.0.windows.1'
Locating current repository...Git repository at 'C:/MyApps/ALPHAAI-PROJECTS-new/legacy-house-website/.git'
 OK
Listing all Git configuration... OK
Git configuration:
file:C:/Program Files/Git/etc/gitconfig	diff.astextplain.textconv=astextplain
file:C:/Program Files/Git/etc/gitconfig	filter.lfs.clean=git-lfs clean -- %f
file:C:/Program Files/Git/etc/gitconfig	filter.lfs.smudge=git-lfs smudge -- %f
file:C:/Program Files/Git/etc/gitconfig	filter.lfs.process=git-lfs filter-process
file:C:/Program Files/Git/etc/gitconfig	filter.lfs.required=true
file:C:/Program Files/Git/etc/gitconfig	http.sslbackend=openssl
file:C:/Program Files/Git/etc/gitconfig	http.sslcainfo=C:/Program Files/Git/mingw64/etc/ssl/certs/ca-bundle.crt
file:C:/Program Files/Git/etc/gitconfig	core.autocrlf=true
file:C:/Program Files/Git/etc/gitconfig	core.fscache=true
file:C:/Program Files/Git/etc/gitconfig	core.symlinks=false
file:C:/Program Files/Git/etc/gitconfig	pull.rebase=false
file:C:/Program Files/Git/etc/gitconfig	credential.helper=manager
file:C:/Program Files/Git/etc/gitconfig	credential.https://dev.azure.com.usehttppath=true
file:C:/Program Files/Git/etc/gitconfig	init.defaultbranch=master
file:C:/Users/kenpe/.gitconfig	filter.lfs.clean=git-lfs clean -- %f
file:C:/Users/kenpe/.gitconfig	filter.lfs.smudge=git-lfs smudge -- %f
file:C:/Users/kenpe/.gitconfig	filter.lfs.process=git-lfs filter-process
file:C:/Users/kenpe/.gitconfig	filter.lfs.required=true
file:C:/Users/kenpe/.gitconfig	core.editor="C:\Users\kenpe\AppData\Local\Programs\Microsoft VS Code\bin\code" --wait
file:C:/Users/kenpe/.gitconfig	http.sslverify=false
file:C:/Users/kenpe/.gitconfig	https.sslverify=true
file:.git/config	core.repositoryformatversion=0
file:.git/config	core.filemode=false
file:.git/config	core.bare=false
file:.git/config	core.logallrefupdates=true
file:.git/config	core.symlinks=false
file:.git/config	core.ignorecase=true
file:.git/config	remote.origin.url=https://github.com/alphaAI-ke/legacy-house-website/
file:.git/config	remote.origin.fetch=+refs/heads/*:refs/remotes/origin/*
file:.git/config	branch.main.remote=origin
file:.git/config	branch.main.merge=refs/heads/main


------------
Diagnostic: Credential storage
Skipped: False
Success: True
Exception: None
Log:
ICredentialStore instance is of type: CredentialStore
Writing test credential... OK
Reading test credential... OK
Deleting test credential... OK

------------
Diagnostic: Microsoft authentication (AAD/MSA)
Skipped: False
Success: True
Exception: None
Log:
Broker is not enabled.
Flow type is: Auto
Gathering MSAL token cache data... OK
CacheDirectory: C:\Users\kenpe\AppData\Local\.IdentityService
CacheFileName: msal.cache
CacheFilePath: C:\Users\kenpe\AppData\Local\.IdentityService\msal.cache
Creating cache helper... OK
Verifying MSAL token cache persistence... OK

------------
Diagnostic: GitHub API
Skipped: False
Success: True
Exception: None
Log:
Using 'https://github.com/' as API target.
Querying '/meta' endpoint... OK

